server/razorpay.ts(1,22): error TS2307: Cannot find module 'razorpay' or its corresponding type declarations.
server/storage.ts(134,7): error TS2322: Type '{ [x: number]: string; length: number; toString: () => string; toLocaleString: { (): string; (locales: string | string[], options?: (NumberFormatOptions & DateTimeFormatOptions) | undefined): string; }; ... 37 more ...; readonly [Symbol.unscopables]: { ...; }; } | null' is not assignable to type 'string[] | null'.
  Type '{ [x: number]: string; length: number; toString: () => string; toLocaleString: { (): string; (locales: string | string[], options?: (NumberFormatOptions & DateTimeFormatOptions) | undefined): string; }; ... 37 more ...; readonly [Symbol.unscopables]: { ...; }; }' is not assignable to type 'string[]'.
    The types returned by 'pop()' are incompatible between these types.
      Type 'unknown' is not assignable to type 'string | undefined'.
server/storage.ts(137,7): error TS2322: Type 'string' is not assignable to type '"none" | "pending" | "approved" | "rejected" | null'.
server/storage.ts(138,7): error TS2322: Type 'string' is not assignable to type '"free" | "basic" | "premium" | "vip" | null'.
server/storage.ts(139,7): error TS2322: Type '{ state?: unknown; country?: unknown; city?: unknown; coordinates?: unknown; } | null' is not assignable to type '{ country?: string | undefined; state?: string | undefined; city?: string | undefined; coordinates?: { lat: number; lng: number; } | undefined; } | null'.
  Type '{ state?: unknown; country?: unknown; city?: unknown; coordinates?: unknown; }' is not assignable to type '{ country?: string | undefined; state?: string | undefined; city?: string | undefined; coordinates?: { lat: number; lng: number; } | undefined; }'.
    Types of property 'country' are incompatible.
      Type 'unknown' is not assignable to type 'string | undefined'.
server/storage.ts(140,7): error TS2322: Type '{ genderFilter?: unknown; maxDistance?: unknown; verifiedOnly?: unknown; ageRange?: unknown; languagePreference?: unknown; } | null' is not assignable to type '{ genderFilter?: "all" | "male" | "female" | undefined; ageRange?: [number, number] | undefined; maxDistance?: number | undefined; verifiedOnly?: boolean | undefined; languagePreference?: string[] | undefined; } | null'.
  Type '{ genderFilter?: unknown; maxDistance?: unknown; verifiedOnly?: unknown; ageRange?: unknown; languagePreference?: unknown; }' is not assignable to type '{ genderFilter?: "all" | "male" | "female" | undefined; ageRange?: [number, number] | undefined; maxDistance?: number | undefined; verifiedOnly?: boolean | undefined; languagePreference?: string[] | undefined; }'.
    Types of property 'genderFilter' are incompatible.
      Type 'unknown' is not assignable to type '"all" | "male" | "female" | undefined'.
server/storage.ts(160,7): error TS2322: Type '{ [x: number]: string; length: number; toString: () => string; toLocaleString: { (): string; (locales: string | string[], options?: (NumberFormatOptions & DateTimeFormatOptions) | undefined): string; }; ... 37 more ...; readonly [Symbol.unscopables]: { ...; }; } | null' is not assignable to type 'string[] | null'.
  Type '{ [x: number]: string; length: number; toString: () => string; toLocaleString: { (): string; (locales: string | string[], options?: (NumberFormatOptions & DateTimeFormatOptions) | undefined): string; }; ... 37 more ...; readonly [Symbol.unscopables]: { ...; }; }' is not assignable to type 'string[]'.
    The types returned by 'pop()' are incompatible between these types.
      Type 'unknown' is not assignable to type 'string | undefined'.
server/storage.ts(163,7): error TS2322: Type 'string | null' is not assignable to type '"none" | "pending" | "approved" | "rejected" | null'.
  Type 'string' is not assignable to type '"none" | "pending" | "approved" | "rejected" | null'.
server/storage.ts(164,7): error TS2322: Type 'string | null' is not assignable to type '"free" | "basic" | "premium" | "vip" | null'.
  Type 'string' is not assignable to type '"free" | "basic" | "premium" | "vip" | null'.
server/storage.ts(165,7): error TS2322: Type '{ state?: unknown; country?: unknown; city?: unknown; coordinates?: unknown; } | null' is not assignable to type '{ country?: string | undefined; state?: string | undefined; city?: string | undefined; coordinates?: { lat: number; lng: number; } | undefined; } | null'.
  Type '{ state?: unknown; country?: unknown; city?: unknown; coordinates?: unknown; }' is not assignable to type '{ country?: string | undefined; state?: string | undefined; city?: string | undefined; coordinates?: { lat: number; lng: number; } | undefined; }'.
    Types of property 'country' are incompatible.
      Type 'unknown' is not assignable to type 'string | undefined'.
server/storage.ts(166,7): error TS2322: Type '{ genderFilter?: unknown; maxDistance?: unknown; verifiedOnly?: unknown; ageRange?: unknown; languagePreference?: unknown; } | null' is not assignable to type '{ genderFilter?: "all" | "male" | "female" | undefined; ageRange?: [number, number] | undefined; maxDistance?: number | undefined; verifiedOnly?: boolean | undefined; languagePreference?: string[] | undefined; } | null'.
  Type '{ genderFilter?: unknown; maxDistance?: unknown; verifiedOnly?: unknown; ageRange?: unknown; languagePreference?: unknown; }' is not assignable to type '{ genderFilter?: "all" | "male" | "female" | undefined; ageRange?: [number, number] | undefined; maxDistance?: number | undefined; verifiedOnly?: boolean | undefined; languagePreference?: string[] | undefined; }'.
    Types of property 'genderFilter' are incompatible.
      Type 'unknown' is not assignable to type '"all" | "male" | "female" | undefined'.
server/storage.ts(256,11): error TS2322: Type '{ id: string; createdAt: Date; user1Id: string; user2Id: string; status?: string | null | undefined; lastMessageAt?: Date | null | undefined; }' is not assignable to type '{ id: string; status: "active" | "blocked" | "unmatched" | null; createdAt: Date | null; user1Id: string; user2Id: string; lastMessageAt: Date | null; }'.
  Types of property 'status' are incompatible.
    Type 'string | null | undefined' is not assignable to type '"active" | "blocked" | "unmatched" | null'.
      Type 'undefined' is not assignable to type '"active" | "blocked" | "unmatched" | null'.
server/storage.ts(290,11): error TS2322: Type '{ id: string; timestamp: Date; action: string; swiperId: string; swipedId: string; }' is not assignable to type '{ id: string; action: "like" | "pass" | "super_like"; timestamp: Date | null; swiperId: string; swipedId: string; }'.
  Types of property 'action' are incompatible.
    Type 'string' is not assignable to type '"like" | "pass" | "super_like"'.
server/storage.ts(308,11): error TS2322: Type '{ id: string; timestamp: Date; content: string; matchId: string; senderId: string; type?: string | null | undefined; readAt?: Date | null | undefined; reactions?: { [x: string]: string; } | null | undefined; }' is not assignable to type '{ type: "video" | "image" | "text" | "voice" | null; id: string; content: string; matchId: string; senderId: string; timestamp: Date | null; readAt: Date | null; reactions: { ...; } | null; }'.
  Types of property 'type' are incompatible.
    Type 'string | null | undefined' is not assignable to type '"video" | "image" | "text" | "voice" | null'.
      Type 'undefined' is not assignable to type '"video" | "image" | "text" | "voice" | null'.
server/storage.ts(337,11): error TS2322: Type '{ id: string; matchId: string; initiatorId: string; participantId: string; duration?: number | null | undefined; status?: string | null | undefined; startedAt?: Date | null | undefined; endedAt?: Date | ... 1 more ... | undefined; quality?: string | ... 1 more ... | undefined; }' is not assignable to type '{ id: string; duration: number | null; status: "active" | "calling" | "ended" | "missed" | null; matchId: string; initiatorId: string; participantId: string; startedAt: Date | null; endedAt: Date | null; quality: "premium" | ... 2 more ... | null; }'.
  Types of property 'duration' are incompatible.
    Type 'number | null | undefined' is not assignable to type 'number | null'.
      Type 'undefined' is not assignable to type 'number | null'.
server/storage.ts(375,11): error TS2322: Type '{ id: string; position: number; createdAt: Date; email: string; firstName: string; lastName: string; interestedFeatures?: { [x: number]: string; length: number; toString: () => string; toLocaleString: { ...; }; ... 37 more ...; readonly [Symbol.unscopables]: { ...; }; } | null | undefined; }' is not assignable to type '{ id: string; email: string; firstName: string; lastName: string; createdAt: Date | null; position: number; interestedFeatures: string[] | null; }'.
  Types of property 'interestedFeatures' are incompatible.
    Type '{ [x: number]: string; length: number; toString: () => string; toLocaleString: { (): string; (locales: string | string[], options?: (NumberFormatOptions & DateTimeFormatOptions) | undefined): string; }; ... 37 more ...; readonly [Symbol.unscopables]: { ...; }; } | null | undefined' is not assignable to type 'string[] | null'.
      Type 'undefined' is not assignable to type 'string[] | null'.
server/storage.ts(394,11): error TS2322: Type '{ id: string; submittedAt: Date; type: string; userId: string; status?: string | null | undefined; reviewedAt?: Date | null | undefined; documents?: { [x: number]: string; length: number; ... 39 more ...; readonly [Symbol.unscopables]: { ...; }; } | null | undefined; notes?: string | ... 1 more ... | undefined; }' is not assignable to type '{ type: "id" | "photo" | "phone"; id: string; status: "pending" | "approved" | "rejected" | null; userId: string; submittedAt: Date | null; reviewedAt: Date | null; documents: string[] | null; notes: string | null; }'.
  Types of property 'type' are incompatible.
    Type 'string' is not assignable to type '"id" | "photo" | "phone"'.
